
> mi-portafolio@0.0.0 build
> vite build

[36mvite v5.4.18 [32mbuilding for production...[36m[39m
transforming...
Browserslist: browsers data (caniuse-lite) is 13 months old. Please run:
  npx update-browserslist-db@latest
  Why you should do it regularly: https://github.com/browserslist/update-db#readme
[32m✓[39m 444 modules transformed.
rendering chunks...
computing gzip size...
[2mdist/[22m[32mindex.html                                       [39m[1m[2m  3.54 kB[22m[1m[22m[2m │ gzip:   1.22 kB[22m
[2mdist/[22m[32massets/sora-latin-ext-400-normal-Twk1CgKs.woff2  [39m[1m[2m  7.34 kB[22m[1m[22m
[2mdist/[22m[32massets/sora-latin-ext-700-normal-DM0oy5s8.woff2  [39m[1m[2m  7.45 kB[22m[1m[22m
[2mdist/[22m[32massets/sora-latin-ext-600-normal-Cue1zdhl.woff2  [39m[1m[2m  7.54 kB[22m[1m[22m
[2mdist/[22m[32massets/sora-latin-ext-400-normal-BmhJC382.woff   [39m[1m[2m  9.67 kB[22m[1m[22m
[2mdist/[22m[32massets/sora-latin-ext-700-normal-Oc7uZIYt.woff   [39m[1m[2m  9.80 kB[22m[1m[22m
[2mdist/[22m[32massets/sora-latin-ext-600-normal-DLOJK0Ta.woff   [39m[1m[2m  9.82 kB[22m[1m[22m
[2mdist/[22m[32massets/sora-latin-400-normal-CRt88UEn.woff2      [39m[1m[2m 14.72 kB[22m[1m[22m
[2mdist/[22m[32massets/sora-latin-600-normal-Cdg4DaK0.woff2      [39m[1m[2m 15.00 kB[22m[1m[22m
[2mdist/[22m[32massets/sora-latin-700-normal-9waGdLWo.woff2      [39m[1m[2m 15.13 kB[22m[1m[22m
[2mdist/[22m[32massets/sora-latin-400-normal-OW7qkl5a.woff       [39m[1m[2m 18.54 kB[22m[1m[22m
[2mdist/[22m[32massets/sora-latin-600-normal-1_7fyUAY.woff       [39m[1m[2m 18.86 kB[22m[1m[22m
[2mdist/[22m[32massets/sora-latin-700-normal-BKPfQAnC.woff       [39m[1m[2m 18.86 kB[22m[1m[22m
[2mdist/[22m[35massets/index-D1cPXIzj.css                        [39m[1m[2m 34.21 kB[22m[1m[22m[2m │ gzip:   6.46 kB[22m
[2mdist/[22m[36massets/index-CYlzG7On.js                         [39m[1m[2m454.59 kB[22m[1m[22m[2m │ gzip: 158.13 kB[22m
[32m✓ built in 3.80s[39m
